P1222.2PDK_r0.6.1
P1222.2CTK_r0.6.1
P1222.2ADF_r0.6.1
MEMORY_lib222_2PRF_e.0.6
STDCELL_lib222_6t_base_e.1.0
GPIO_lib222_e.0.6.1
